// Jest Snapshot v1, https://goo.gl/fbAQLP

exports[`renders correctly 1`] = `
<DocumentFragment>
  <svg
    aria-hidden="true"
    height="26.97mm"
    viewBox="0 0 76.44 76.44"
    width="26.97mm"
    xmlns="http://www.w3.org/2000/svg"
  >
    <path
      d="m0,38.09C.02,17.02,17.22-.04,38.39,0c21.08.04,38.09,17.21,38.05,38.42-.04,21-17.21,38.04-38.31,38.01C17.04,76.41-.02,59.26,0,38.09ZM38.25,5.95c-17.86-.02-32.27,14.33-32.31,32.17-.04,17.94,14.33,32.35,32.25,32.37,17.87.02,32.23-14.28,32.3-32.17.07-17.92-14.31-32.35-32.24-32.37Z"
      style="fill: #1A3061;"
    />
    <path
      d="m38.4,34c2.9-2.94,5.58-5.67,8.27-8.39.93-.94,2.13-1.38,3.25-.73.8.47,1.7,1.46,1.78,2.29.09.92-.48,2.12-1.14,2.85-2.18,2.38-4.54,4.6-6.83,6.89-.35.35-.68.71-1.07,1.12,2.67,2.68,5.35,5.26,7.88,7.99.67.72,1.28,1.95,1.16,2.84-.12.88-1.05,1.9-1.89,2.37-1.03.57-2.22.16-3.12-.75-2.31-2.33-4.65-4.63-6.96-6.97-.38-.39-.66-.87-1.36-1.8-.71.95-1.11,1.64-1.65,2.19-2.12,2.17-4.27,4.32-6.44,6.44-1.41,1.38-3.16,1.46-4.38.28-1.26-1.22-1.2-3.02.24-4.48,2.27-2.31,4.56-4.58,6.87-6.85.38-.38.88-.64,1.42-1.03-2.89-2.89-5.5-5.47-8.07-8.1-.53-.55-1.05-1.24-1.24-1.96-.35-1.32.14-2.48,1.38-3.16,1.28-.71,2.53-.5,3.56.5,2.32,2.26,4.59,4.55,6.88,6.84.46.46.86.96,1.47,1.64Z"
      style="fill: #1A3061;"
    />
  </svg>
</DocumentFragment>
`;
